ls -
ls ---
ls -- file
ls --X
